SQL> create view v1 as select ename, job, sal from emp;
create view v1 as select ename, job, sal from emp
            *
ERROR at line 1:
ORA-01031: insufficient privileges


SQL> conn sys as sysdba
Enter password:
Connected.
SQL> grant view to pratik;
grant view to pratik
      *
ERROR at line 1:
ORA-01919: role 'VIEW' does not exist


SQL> grant create view to pratik;

Grant succeeded.

SQL> conn pratik
Enter password:
Connected.
SQL> create view v1 as select ename, job, sal from emp;

View created.

SQL> select * from v1;

ENAME      JOB              SAL
---------- --------- ----------
SMITH      CLERK            800
ALLEN      SALESMAN        1600
WARD       SALESMAN        1250
JONES      MANAGER         2975
MARTIN     SALESMAN        1250
BLAKE      MANAGER         2850
CLARK      MANAGER         2450
SCOTT      ANALYST         3000
KING       PRESIDENT       5000
TURNER     SALESMAN        1500
ADAMS      CLERK           1100
JAMES      CLERK            950
FORD       ANALYST         3000
MILLER     CLERK           1300

14 rows selected.

SQL> select *from cat;

TABLE_NAME                     TABLE_TYPE
------------------------------ -----------
BOOK_MASTER                    TABLE
BOOK_TRANSACTIONS              TABLE
DEPARTMENT_MASTER              TABLE
DEPT                           TABLE
DESIGNATION_MASTER             TABLE
E                              SYNONYM
EMP                            TABLE
PARENT                         TABLE
S1                             SYNONYM
SEQ1                           SEQUENCE
STAFF_MASTER                   TABLE
STUDENT_MARKS                  TABLE
STUDENT_MASTER                 TABLE
V1                             VIEW

14 rows selected.

SQL> create index ind1 on emp(empno);
create index ind1 on emp(empno)
             *
ERROR at line 1:
ORA-00955: name is already used by an existing object


SQL> drop index ind1;

Index dropped.

SQL> create index ind1 on emp(empno);

Index created.

SQL> desc user_indexes
 Name                                                                    Null?    Type
 ----------------------------------------------------------------------- -------- ------------------------------------------------
 INDEX_NAME                                                              NOT NULL VARCHAR2(30)
 INDEX_TYPE                                                                       VARCHAR2(27)
 TABLE_OWNER                                                             NOT NULL VARCHAR2(30)
 TABLE_NAME                                                              NOT NULL VARCHAR2(30)
 TABLE_TYPE                                                                       VARCHAR2(11)
 UNIQUENESS                                                                       VARCHAR2(9)
 COMPRESSION                                                                      VARCHAR2(8)
 PREFIX_LENGTH                                                                    NUMBER
 TABLESPACE_NAME                                                                  VARCHAR2(30)
 INI_TRANS                                                                        NUMBER
 MAX_TRANS                                                                        NUMBER
 INITIAL_EXTENT                                                                   NUMBER
 NEXT_EXTENT                                                                      NUMBER
 MIN_EXTENTS                                                                      NUMBER
 MAX_EXTENTS                                                                      NUMBER
 PCT_INCREASE                                                                     NUMBER
 PCT_THRESHOLD                                                                    NUMBER
 INCLUDE_COLUMN                                                                   NUMBER
 FREELISTS                                                                        NUMBER
 FREELIST_GROUPS                                                                  NUMBER
 PCT_FREE                                                                         NUMBER
 LOGGING                                                                          VARCHAR2(3)
 BLEVEL                                                                           NUMBER
 LEAF_BLOCKS                                                                      NUMBER
 DISTINCT_KEYS                                                                    NUMBER
 AVG_LEAF_BLOCKS_PER_KEY                                                          NUMBER
 AVG_DATA_BLOCKS_PER_KEY                                                          NUMBER
 CLUSTERING_FACTOR                                                                NUMBER
 STATUS                                                                           VARCHAR2(8)
 NUM_ROWS                                                                         NUMBER
 SAMPLE_SIZE                                                                      NUMBER
 LAST_ANALYZED                                                                    DATE
 DEGREE                                                                           VARCHAR2(40)
 INSTANCES                                                                        VARCHAR2(40)
 PARTITIONED                                                                      VARCHAR2(3)
 TEMPORARY                                                                        VARCHAR2(1)
 GENERATED                                                                        VARCHAR2(1)
 SECONDARY                                                                        VARCHAR2(1)
 BUFFER_POOL                                                                      VARCHAR2(7)
 FLASH_CACHE                                                                      VARCHAR2(7)
 CELL_FLASH_CACHE                                                                 VARCHAR2(7)
 USER_STATS                                                                       VARCHAR2(3)
 DURATION                                                                         VARCHAR2(15)
 PCT_DIRECT_ACCESS                                                                NUMBER
 ITYP_OWNER                                                                       VARCHAR2(30)
 ITYP_NAME                                                                        VARCHAR2(30)
 PARAMETERS                                                                       VARCHAR2(1000)
 GLOBAL_STATS                                                                     VARCHAR2(3)
 DOMIDX_STATUS                                                                    VARCHAR2(12)
 DOMIDX_OPSTATUS                                                                  VARCHAR2(6)
 FUNCIDX_STATUS                                                                   VARCHAR2(8)
 JOIN_INDEX                                                                       VARCHAR2(3)
 IOT_REDUNDANT_PKEY_ELIM                                                          VARCHAR2(3)
 DROPPED                                                                          VARCHAR2(3)
 VISIBILITY                                                                       VARCHAR2(9)
 DOMIDX_MANAGEMENT                                                                VARCHAR2(14)
 SEGMENT_CREATED                                                                  VARCHAR2(3)

SQL> col  INDEX_NAME format a12
SQL> col   INDEX_TYPE format a12
SQL> select INDEX_NAME, INDEX_TYPE from user_indexes where table_name='emp';

no rows selected

SQL> select INDEX_NAME, INDEX_TYPE from user_indexes where table_name='EMP';

INDEX_NAME   INDEX_TYPE
------------ ------------
IND1         NORMAL

SQL> desc user_all_tables;
 Name                                                                    Null?    Type
 ----------------------------------------------------------------------- -------- ------------------------------------------------
 TABLE_NAME                                                                       VARCHAR2(30)
 TABLESPACE_NAME                                                                  VARCHAR2(30)
 CLUSTER_NAME                                                                     VARCHAR2(30)
 IOT_NAME                                                                         VARCHAR2(30)
 STATUS                                                                           VARCHAR2(8)
 PCT_FREE                                                                         NUMBER
 PCT_USED                                                                         NUMBER
 INI_TRANS                                                                        NUMBER
 MAX_TRANS                                                                        NUMBER
 INITIAL_EXTENT                                                                   NUMBER
 NEXT_EXTENT                                                                      NUMBER
 MIN_EXTENTS                                                                      NUMBER
 MAX_EXTENTS                                                                      NUMBER
 PCT_INCREASE                                                                     NUMBER
 FREELISTS                                                                        NUMBER
 FREELIST_GROUPS                                                                  NUMBER
 LOGGING                                                                          VARCHAR2(3)
 BACKED_UP                                                                        VARCHAR2(1)
 NUM_ROWS                                                                         NUMBER
 BLOCKS                                                                           NUMBER
 EMPTY_BLOCKS                                                                     NUMBER
 AVG_SPACE                                                                        NUMBER
 CHAIN_CNT                                                                        NUMBER
 AVG_ROW_LEN                                                                      NUMBER
 AVG_SPACE_FREELIST_BLOCKS                                                        NUMBER
 NUM_FREELIST_BLOCKS                                                              NUMBER
 DEGREE                                                                           VARCHAR2(40)
 INSTANCES                                                                        VARCHAR2(40)
 CACHE                                                                            VARCHAR2(20)
 TABLE_LOCK                                                                       VARCHAR2(8)
 SAMPLE_SIZE                                                                      NUMBER
 LAST_ANALYZED                                                                    DATE
 PARTITIONED                                                                      VARCHAR2(3)
 IOT_TYPE                                                                         VARCHAR2(12)
 OBJECT_ID_TYPE                                                                   VARCHAR2(16)
 TABLE_TYPE_OWNER                                                                 VARCHAR2(120)
 TABLE_TYPE                                                                       VARCHAR2(30)
 TEMPORARY                                                                        VARCHAR2(1)
 SECONDARY                                                                        VARCHAR2(1)
 NESTED                                                                           VARCHAR2(3)
 BUFFER_POOL                                                                      VARCHAR2(7)
 FLASH_CACHE                                                                      VARCHAR2(7)
 CELL_FLASH_CACHE                                                                 VARCHAR2(7)
 ROW_MOVEMENT                                                                     VARCHAR2(8)
 GLOBAL_STATS                                                                     VARCHAR2(3)
 USER_STATS                                                                       VARCHAR2(3)
 DURATION                                                                         VARCHAR2(15)
 SKIP_CORRUPT                                                                     VARCHAR2(8)
 MONITORING                                                                       VARCHAR2(3)
 CLUSTER_OWNER                                                                    VARCHAR2(30)
 DEPENDENCIES                                                                     VARCHAR2(8)
 COMPRESSION                                                                      VARCHAR2(8)
 COMPRESS_FOR                                                                     VARCHAR2(12)
 DROPPED                                                                          VARCHAR2(3)
 SEGMENT_CREATED                                                                  VARCHAR2(3)

SQL> desc user_tables;
 Name                                                                    Null?    Type
 ----------------------------------------------------------------------- -------- ------------------------------------------------
 TABLE_NAME                                                              NOT NULL VARCHAR2(30)
 TABLESPACE_NAME                                                                  VARCHAR2(30)
 CLUSTER_NAME                                                                     VARCHAR2(30)
 IOT_NAME                                                                         VARCHAR2(30)
 STATUS                                                                           VARCHAR2(8)
 PCT_FREE                                                                         NUMBER
 PCT_USED                                                                         NUMBER
 INI_TRANS                                                                        NUMBER
 MAX_TRANS                                                                        NUMBER
 INITIAL_EXTENT                                                                   NUMBER
 NEXT_EXTENT                                                                      NUMBER
 MIN_EXTENTS                                                                      NUMBER
 MAX_EXTENTS                                                                      NUMBER
 PCT_INCREASE                                                                     NUMBER
 FREELISTS                                                                        NUMBER
 FREELIST_GROUPS                                                                  NUMBER
 LOGGING                                                                          VARCHAR2(3)
 BACKED_UP                                                                        VARCHAR2(1)
 NUM_ROWS                                                                         NUMBER
 BLOCKS                                                                           NUMBER
 EMPTY_BLOCKS                                                                     NUMBER
 AVG_SPACE                                                                        NUMBER
 CHAIN_CNT                                                                        NUMBER
 AVG_ROW_LEN                                                                      NUMBER
 AVG_SPACE_FREELIST_BLOCKS                                                        NUMBER
 NUM_FREELIST_BLOCKS                                                              NUMBER
 DEGREE                                                                           VARCHAR2(40)
 INSTANCES                                                                        VARCHAR2(40)
 CACHE                                                                            VARCHAR2(20)
 TABLE_LOCK                                                                       VARCHAR2(8)
 SAMPLE_SIZE                                                                      NUMBER
 LAST_ANALYZED                                                                    DATE
 PARTITIONED                                                                      VARCHAR2(3)
 IOT_TYPE                                                                         VARCHAR2(12)
 TEMPORARY                                                                        VARCHAR2(1)
 SECONDARY                                                                        VARCHAR2(1)
 NESTED                                                                           VARCHAR2(3)
 BUFFER_POOL                                                                      VARCHAR2(7)
 FLASH_CACHE                                                                      VARCHAR2(7)
 CELL_FLASH_CACHE                                                                 VARCHAR2(7)
 ROW_MOVEMENT                                                                     VARCHAR2(8)
 GLOBAL_STATS                                                                     VARCHAR2(3)
 USER_STATS                                                                       VARCHAR2(3)
 DURATION                                                                         VARCHAR2(15)
 SKIP_CORRUPT                                                                     VARCHAR2(8)
 MONITORING                                                                       VARCHAR2(3)
 CLUSTER_OWNER                                                                    VARCHAR2(30)
 DEPENDENCIES                                                                     VARCHAR2(8)
 COMPRESSION                                                                      VARCHAR2(8)
 COMPRESS_FOR                                                                     VARCHAR2(12)
 DROPPED                                                                          VARCHAR2(3)
 READ_ONLY                                                                        VARCHAR2(3)
 SEGMENT_CREATED                                                                  VARCHAR2(3)
 RESULT_CACHE                                                                     VARCHAR2(7)

SQL> desc user_constraints
 Name                                                                    Null?    Type
 ----------------------------------------------------------------------- -------- ------------------------------------------------
 OWNER                                                                            VARCHAR2(120)
 CONSTRAINT_NAME                                                         NOT NULL VARCHAR2(30)
 CONSTRAINT_TYPE                                                                  VARCHAR2(1)
 TABLE_NAME                                                              NOT NULL VARCHAR2(30)
 SEARCH_CONDITION                                                                 LONG
 R_OWNER                                                                          VARCHAR2(120)
 R_CONSTRAINT_NAME                                                                VARCHAR2(30)
 DELETE_RULE                                                                      VARCHAR2(9)
 STATUS                                                                           VARCHAR2(8)
 DEFERRABLE                                                                       VARCHAR2(14)
 DEFERRED                                                                         VARCHAR2(9)
 VALIDATED                                                                        VARCHAR2(13)
 GENERATED                                                                        VARCHAR2(14)
 BAD                                                                              VARCHAR2(3)
 RELY                                                                             VARCHAR2(4)
 LAST_CHANGE                                                                      DATE
 INDEX_OWNER                                                                      VARCHAR2(30)
 INDEX_NAME                                                                       VARCHAR2(30)
 INVALID                                                                          VARCHAR2(7)
 VIEW_RELATED                                                                     VARCHAR2(14)

SQL> desc all_tabs_columns
ERROR:
ORA-04043: object all_tabs_columns does not exist


SQL> desc all_tab_columns
 Name                                                                    Null?    Type
 ----------------------------------------------------------------------- -------- ------------------------------------------------
 OWNER                                                                   NOT NULL VARCHAR2(30)
 TABLE_NAME                                                              NOT NULL VARCHAR2(30)
 COLUMN_NAME                                                             NOT NULL VARCHAR2(30)
 DATA_TYPE                                                                        VARCHAR2(106)
 DATA_TYPE_MOD                                                                    VARCHAR2(3)
 DATA_TYPE_OWNER                                                                  VARCHAR2(120)
 DATA_LENGTH                                                             NOT NULL NUMBER
 DATA_PRECISION                                                                   NUMBER
 DATA_SCALE                                                                       NUMBER
 NULLABLE                                                                         VARCHAR2(1)
 COLUMN_ID                                                                        NUMBER
 DEFAULT_LENGTH                                                                   NUMBER
 DATA_DEFAULT                                                                     LONG
 NUM_DISTINCT                                                                     NUMBER
 LOW_VALUE                                                                        RAW(32)
 HIGH_VALUE                                                                       RAW(32)
 DENSITY                                                                          NUMBER
 NUM_NULLS                                                                        NUMBER
 NUM_BUCKETS                                                                      NUMBER
 LAST_ANALYZED                                                                    DATE
 SAMPLE_SIZE                                                                      NUMBER
 CHARACTER_SET_NAME                                                               VARCHAR2(44)
 CHAR_COL_DECL_LENGTH                                                             NUMBER
 GLOBAL_STATS                                                                     VARCHAR2(3)
 USER_STATS                                                                       VARCHAR2(3)
 AVG_COL_LEN                                                                      NUMBER
 CHAR_LENGTH                                                                      NUMBER
 CHAR_USED                                                                        VARCHAR2(1)
 V80_FMT_IMAGE                                                                    VARCHAR2(3)
 DATA_UPGRADED                                                                    VARCHAR2(3)
 HISTOGRAM                                                                        VARCHAR2(15)

SQL> col column_name format a20
SQL> create view v2 as select a.column_name, i.index_name, i.index_type from all_tab_columns a join user_indexes i on a.table_name=i.table_name where table_name='EMP';
create view v2 as select a.column_name, i.index_name, i.index_type from all_tab_columns a join user_indexes i on a.table_name=i.table_name where table_name='EMP'
                                                                                                                                                 *
ERROR at line 1:
ORA-00918: column ambiguously defined


SQL> create view v2 as select a.column_name, i.index_name, i.index_type from all_tab_columns a join user_indexes i on a.table_name=i.table_name where a.table_name='EMP';

View created.

SQL> desc v2
 Name                                                                    Null?    Type
 ----------------------------------------------------------------------- -------- ------------------------------------------------
 COLUMN_NAME                                                             NOT NULL VARCHAR2(30)
 INDEX_NAME                                                              NOT NULL VARCHAR2(30)
 INDEX_TYPE                                                                       VARCHAR2(27)

SQL> select * from v2;

COLUMN_NAME          INDEX_NAME   INDEX_TYPE
-------------------- ------------ ------------
EMPNO                IND1         NORMAL
ENAME                IND1         NORMAL
JOB                  IND1         NORMAL
MGR                  IND1         NORMAL
HIREDATE             IND1         NORMAL
SAL                  IND1         NORMAL
COMM                 IND1         NORMAL
DEPTNO               IND1         NORMAL

8 rows selected.

